
<html>
  <head>
     <title>Venn diagram </title>
  </head>
  <body>
     <h3></h3>
     <div>
        <img src="http://chart.apis.google.com/chart?cht=v&chd=t:56,44,0,33&chtt=&chs=300x300&chdl=As|Bs"/>
     </div>
     <div>
        <table>
           <tr><th>Segment</th><th>Size</th></tr>
           <tr><td>As</td><td>5</td></tr>
           <tr><td>Bs</td><td>4</td></tr>
           <tr><td>As \ Bs</td><td>2</td></tr>
           <tr><td>Bs \ As</td><td>1</td></tr>
           <tr><td>As &cap; Bs</td><td>3</td></tr>
        </table>
     </div>
  </body>
</html>