
<html>
  <head>
     <title>Venn diagram </title>
  </head>
  <body>
     <h3></h3>
     <div>
        <img src="http://chart.apis.google.com/chart?cht=v&chd=t:36,29,36,21,21,21,14&chtt=&chs=300x300&chdl=As|Bs|Cs"/>
     </div>
     <div>
        <table>
           <tr><th>Segment</th><th>Size</th></tr>
           <tr><td>As</td><td>5</td></tr>
           <tr><td>Bs</td><td>4</td></tr>
           <tr><td>Cs</td><td>5</td></tr>
           <tr><td>As \ (Bs &cup; Cs)</td><td>1</td></tr>
           <tr><td>Bs \ (As &cup; Cs)</td><td>0</td></tr>
           <tr><td>Cs \ (As &cup; Bs)</td><td>1</td></tr>
           <tr><td>As &cap; Bs \ Cs </td><td>1</td></tr>
           <tr><td>As &cap; Cs \ Bs </td><td>1</td></tr>
           <tr><td>Bs &cap; Cs \ As </td><td>1</td></tr>
           <tr><td>As &cap; Bs &cap; Cs</td><td>2</td></tr>
        </table>
     </div>
  </body>
</html>